
========================================
[EMAIL SENT AT: 2026-06-20T11:30:37.409Z]
TO: raarthi04@gmail.com
SUBJECT: Application Received: Full Stack Engineer (MERN) at Google DeepMind
BODY:
Hi dhaanush,

Thank you for applying for the position of "Full Stack Engineer (MERN)" at Google DeepMind. 
Your application has been received and the hiring team will review it shortly. You can track your match percentage and ATS stage directly inside your CareerPilot dashboard.

Best of luck!
The CareerPilot Team
========================================


========================================
[EMAIL SENT AT: 2026-06-20T11:30:37.423Z]
TO: startup@example.com
SUBJECT: New Application: dhaanush - Full Stack Engineer (MERN)
BODY:
Hi Hiring Team,

A new application has been submitted by "dhaanush" for your vacancy: "Full Stack Engineer (MERN)".
Log in to your CareerPilot Startup Command Center to view their matching score, resume details, and cover letter.

Regards,
CareerPilot ATS System
========================================

